/DATACENTER/2/yt8m/frame_level/validateyY.tfrecord
/DATACENTER/2/yt8m/frame_level/validatekS.tfrecord
/DATACENTER/2/yt8m/frame_level/validater6.tfrecord
/DATACENTER/2/yt8m/frame_level/validateWL.tfrecord
/DATACENTER/2/yt8m/frame_level/validateIj.tfrecord
/DATACENTER/2/yt8m/frame_level/validateYX.tfrecord
/DATACENTER/2/yt8m/frame_level/validateYM.tfrecord
/DATACENTER/2/yt8m/frame_level/validateRU.tfrecord
/DATACENTER/2/yt8m/frame_level/validatePk.tfrecord
/DATACENTER/2/yt8m/frame_level/validateap.tfrecord
/DATACENTER/2/yt8m/frame_level/validate41.tfrecord
/DATACENTER/2/yt8m/frame_level/validateM-.tfrecord
/DATACENTER/2/yt8m/frame_level/validate50.tfrecord
/DATACENTER/2/yt8m/frame_level/validate3P.tfrecord
/DATACENTER/2/yt8m/frame_level/validate_4.tfrecord
/DATACENTER/2/yt8m/frame_level/validatevD.tfrecord
/DATACENTER/2/yt8m/frame_level/validateeR.tfrecord
/DATACENTER/2/yt8m/frame_level/validate4K.tfrecord
/DATACENTER/2/yt8m/frame_level/validateFc.tfrecord
/DATACENTER/2/yt8m/frame_level/validatecW.tfrecord
/DATACENTER/2/yt8m/frame_level/validateeE.tfrecord
/DATACENTER/2/yt8m/frame_level/validateO0.tfrecord
/DATACENTER/2/yt8m/frame_level/validateBE.tfrecord
/DATACENTER/2/yt8m/frame_level/validateRz.tfrecord
/DATACENTER/2/yt8m/frame_level/validateXg.tfrecord
/DATACENTER/2/yt8m/frame_level/validatemu.tfrecord
/DATACENTER/2/yt8m/frame_level/validatex5.tfrecord
/DATACENTER/2/yt8m/frame_level/validatezu.tfrecord
/DATACENTER/2/yt8m/frame_level/validateG-.tfrecord
/DATACENTER/2/yt8m/frame_level/validateyr.tfrecord
/DATACENTER/2/yt8m/frame_level/validateyB.tfrecord
/DATACENTER/2/yt8m/frame_level/validatedB.tfrecord
/DATACENTER/2/yt8m/frame_level/validateU5.tfrecord
/DATACENTER/2/yt8m/frame_level/validateCG.tfrecord
/DATACENTER/2/yt8m/frame_level/validateVi.tfrecord
/DATACENTER/2/yt8m/frame_level/validateR0.tfrecord
/DATACENTER/2/yt8m/frame_level/validate77.tfrecord
/DATACENTER/2/yt8m/frame_level/validateqy.tfrecord
/DATACENTER/2/yt8m/frame_level/validateyx.tfrecord
/DATACENTER/2/yt8m/frame_level/validate6n.tfrecord
/DATACENTER/2/yt8m/frame_level/validateNT.tfrecord
/DATACENTER/2/yt8m/frame_level/validateCm.tfrecord
/DATACENTER/2/yt8m/frame_level/validateu3.tfrecord
/DATACENTER/2/yt8m/frame_level/validatekc.tfrecord
/DATACENTER/2/yt8m/frame_level/validateS4.tfrecord
/DATACENTER/2/yt8m/frame_level/validateUM.tfrecord
/DATACENTER/2/yt8m/frame_level/validatetZ.tfrecord
/DATACENTER/2/yt8m/frame_level/validateR3.tfrecord
/DATACENTER/2/yt8m/frame_level/validatet5.tfrecord
/DATACENTER/2/yt8m/frame_level/validate_n.tfrecord
/DATACENTER/2/yt8m/frame_level/validateB7.tfrecord
/DATACENTER/2/yt8m/frame_level/validatel0.tfrecord
/DATACENTER/2/yt8m/frame_level/validateaV.tfrecord
/DATACENTER/2/yt8m/frame_level/validatez5.tfrecord
/DATACENTER/2/yt8m/frame_level/validateFe.tfrecord
/DATACENTER/2/yt8m/frame_level/validateza.tfrecord
/DATACENTER/2/yt8m/frame_level/validaterQ.tfrecord
/DATACENTER/2/yt8m/frame_level/validateOt.tfrecord
/DATACENTER/2/yt8m/frame_level/validatec_.tfrecord
/DATACENTER/2/yt8m/frame_level/validateD2.tfrecord
/DATACENTER/2/yt8m/frame_level/validatelj.tfrecord
/DATACENTER/2/yt8m/frame_level/validateTU.tfrecord
/DATACENTER/2/yt8m/frame_level/validate1y.tfrecord
/DATACENTER/2/yt8m/frame_level/validatew0.tfrecord
/DATACENTER/2/yt8m/frame_level/validateL7.tfrecord
/DATACENTER/2/yt8m/frame_level/validateCo.tfrecord
/DATACENTER/2/yt8m/frame_level/validate7B.tfrecord
/DATACENTER/2/yt8m/frame_level/validateq9.tfrecord
/DATACENTER/2/yt8m/frame_level/validateoV.tfrecord
/DATACENTER/2/yt8m/frame_level/validatemX.tfrecord
/DATACENTER/2/yt8m/frame_level/validateMh.tfrecord
/DATACENTER/2/yt8m/frame_level/validateLs.tfrecord
/DATACENTER/2/yt8m/frame_level/validateCv.tfrecord
/DATACENTER/2/yt8m/frame_level/validatekb.tfrecord
/DATACENTER/2/yt8m/frame_level/validate3e.tfrecord
/DATACENTER/2/yt8m/frame_level/validatepX.tfrecord
/DATACENTER/2/yt8m/frame_level/validateE6.tfrecord
/DATACENTER/2/yt8m/frame_level/validatecv.tfrecord
/DATACENTER/2/yt8m/frame_level/validate-w.tfrecord
/DATACENTER/2/yt8m/frame_level/validatet0.tfrecord
/DATACENTER/2/yt8m/frame_level/validate11.tfrecord
/DATACENTER/2/yt8m/frame_level/validate4o.tfrecord
/DATACENTER/2/yt8m/frame_level/validate_9.tfrecord
/DATACENTER/2/yt8m/frame_level/validateqa.tfrecord
/DATACENTER/2/yt8m/frame_level/validateir.tfrecord
/DATACENTER/2/yt8m/frame_level/validate0Z.tfrecord
/DATACENTER/2/yt8m/frame_level/validateWf.tfrecord
/DATACENTER/2/yt8m/frame_level/validatez1.tfrecord
/DATACENTER/2/yt8m/frame_level/validateQ-.tfrecord
/DATACENTER/2/yt8m/frame_level/validateGN.tfrecord
/DATACENTER/2/yt8m/frame_level/validatehc.tfrecord
/DATACENTER/2/yt8m/frame_level/validate5t.tfrecord
/DATACENTER/2/yt8m/frame_level/validatelR.tfrecord
/DATACENTER/2/yt8m/frame_level/validate8b.tfrecord
/DATACENTER/2/yt8m/frame_level/validateeh.tfrecord
/DATACENTER/2/yt8m/frame_level/validatein.tfrecord
/DATACENTER/2/yt8m/frame_level/validateud.tfrecord
/DATACENTER/2/yt8m/frame_level/validateQc.tfrecord
/DATACENTER/2/yt8m/frame_level/validate8O.tfrecord
/DATACENTER/2/yt8m/frame_level/validateTh.tfrecord
/DATACENTER/2/yt8m/frame_level/validatepO.tfrecord
/DATACENTER/2/yt8m/frame_level/validateGZ.tfrecord
/DATACENTER/2/yt8m/frame_level/validateHH.tfrecord
/DATACENTER/2/yt8m/frame_level/validate6H.tfrecord
/DATACENTER/2/yt8m/frame_level/validate4X.tfrecord
/DATACENTER/2/yt8m/frame_level/validaten0.tfrecord
/DATACENTER/2/yt8m/frame_level/validateph.tfrecord
/DATACENTER/2/yt8m/frame_level/validateZl.tfrecord
/DATACENTER/2/yt8m/frame_level/validatexR.tfrecord
/DATACENTER/2/yt8m/frame_level/validateIh.tfrecord
/DATACENTER/2/yt8m/frame_level/validate3R.tfrecord
/DATACENTER/2/yt8m/frame_level/validateeG.tfrecord
/DATACENTER/2/yt8m/frame_level/validatefQ.tfrecord
/DATACENTER/2/yt8m/frame_level/validatelB.tfrecord
/DATACENTER/2/yt8m/frame_level/validategI.tfrecord
/DATACENTER/2/yt8m/frame_level/validateCd.tfrecord
/DATACENTER/2/yt8m/frame_level/validate3L.tfrecord
/DATACENTER/2/yt8m/frame_level/validateBp.tfrecord
/DATACENTER/2/yt8m/frame_level/validateTK.tfrecord
/DATACENTER/2/yt8m/frame_level/validateUv.tfrecord
/DATACENTER/2/yt8m/frame_level/validate4y.tfrecord
/DATACENTER/2/yt8m/frame_level/validateyA.tfrecord
/DATACENTER/2/yt8m/frame_level/validatel5.tfrecord
/DATACENTER/2/yt8m/frame_level/validateal.tfrecord
/DATACENTER/2/yt8m/frame_level/validate19.tfrecord
/DATACENTER/2/yt8m/frame_level/validateVo.tfrecord
/DATACENTER/2/yt8m/frame_level/validateoU.tfrecord
/DATACENTER/2/yt8m/frame_level/validateRs.tfrecord
/DATACENTER/2/yt8m/frame_level/validatelv.tfrecord
/DATACENTER/2/yt8m/frame_level/validateye.tfrecord
/DATACENTER/2/yt8m/frame_level/validateK5.tfrecord
/DATACENTER/2/yt8m/frame_level/validate2v.tfrecord
/DATACENTER/2/yt8m/frame_level/validateGy.tfrecord
/DATACENTER/2/yt8m/frame_level/validateO9.tfrecord
/DATACENTER/2/yt8m/frame_level/validateNF.tfrecord
/DATACENTER/2/yt8m/frame_level/validategx.tfrecord
/DATACENTER/2/yt8m/frame_level/validatexd.tfrecord
/DATACENTER/2/yt8m/frame_level/validate3y.tfrecord
/DATACENTER/2/yt8m/frame_level/validateNS.tfrecord
/DATACENTER/2/yt8m/frame_level/validateP5.tfrecord
/DATACENTER/2/yt8m/frame_level/validateBv.tfrecord
/DATACENTER/2/yt8m/frame_level/validateWi.tfrecord
/DATACENTER/2/yt8m/frame_level/validatect.tfrecord
/DATACENTER/2/yt8m/frame_level/validateiM.tfrecord
/DATACENTER/2/yt8m/frame_level/validateTQ.tfrecord
/DATACENTER/2/yt8m/frame_level/validatelT.tfrecord
/DATACENTER/2/yt8m/frame_level/validateAm.tfrecord
/DATACENTER/2/yt8m/frame_level/validateqA.tfrecord
/DATACENTER/2/yt8m/frame_level/validateTE.tfrecord
/DATACENTER/2/yt8m/frame_level/validate8Y.tfrecord
/DATACENTER/2/yt8m/frame_level/validateJ3.tfrecord
/DATACENTER/2/yt8m/frame_level/validateXX.tfrecord
/DATACENTER/2/yt8m/frame_level/validaterd.tfrecord
/DATACENTER/2/yt8m/frame_level/validateKP.tfrecord
/DATACENTER/2/yt8m/frame_level/validateqr.tfrecord
/DATACENTER/2/yt8m/frame_level/validatehp.tfrecord
/DATACENTER/2/yt8m/frame_level/validatej8.tfrecord
/DATACENTER/2/yt8m/frame_level/validatecb.tfrecord
/DATACENTER/2/yt8m/frame_level/validateua.tfrecord
/DATACENTER/2/yt8m/frame_level/validateaE.tfrecord
/DATACENTER/2/yt8m/frame_level/validateb3.tfrecord
/DATACENTER/2/yt8m/frame_level/validate6_.tfrecord
/DATACENTER/2/yt8m/frame_level/validateR-.tfrecord
/DATACENTER/2/yt8m/frame_level/validateUm.tfrecord
/DATACENTER/2/yt8m/frame_level/validateix.tfrecord
/DATACENTER/2/yt8m/frame_level/validateKQ.tfrecord
/DATACENTER/2/yt8m/frame_level/validatehX.tfrecord
/DATACENTER/2/yt8m/frame_level/validateZ6.tfrecord
/DATACENTER/2/yt8m/frame_level/validateHw.tfrecord
/DATACENTER/2/yt8m/frame_level/validateMW.tfrecord
/DATACENTER/2/yt8m/frame_level/validatehK.tfrecord
/DATACENTER/2/yt8m/frame_level/validateSj.tfrecord
/DATACENTER/2/yt8m/frame_level/validateXZ.tfrecord
/DATACENTER/2/yt8m/frame_level/validaterl.tfrecord
/DATACENTER/2/yt8m/frame_level/validatefD.tfrecord
/DATACENTER/2/yt8m/frame_level/validateYc.tfrecord
/DATACENTER/2/yt8m/frame_level/validateYp.tfrecord
/DATACENTER/2/yt8m/frame_level/validateOR.tfrecord
/DATACENTER/2/yt8m/frame_level/validates5.tfrecord
/DATACENTER/2/yt8m/frame_level/validateg2.tfrecord
/DATACENTER/2/yt8m/frame_level/validateQE.tfrecord
/DATACENTER/2/yt8m/frame_level/validateRQ.tfrecord
/DATACENTER/2/yt8m/frame_level/validatesx.tfrecord
/DATACENTER/2/yt8m/frame_level/validateaW.tfrecord
/DATACENTER/2/yt8m/frame_level/validateth.tfrecord
/DATACENTER/2/yt8m/frame_level/validatezL.tfrecord
/DATACENTER/2/yt8m/frame_level/validateL8.tfrecord
/DATACENTER/2/yt8m/frame_level/validate7-.tfrecord
/DATACENTER/2/yt8m/frame_level/validatesT.tfrecord
/DATACENTER/2/yt8m/frame_level/validateC_.tfrecord
/DATACENTER/2/yt8m/frame_level/validate5Y.tfrecord
/DATACENTER/2/yt8m/frame_level/validate3I.tfrecord
/DATACENTER/2/yt8m/frame_level/validate5Q.tfrecord
/DATACENTER/2/yt8m/frame_level/validatekO.tfrecord
/DATACENTER/2/yt8m/frame_level/validateYu.tfrecord
/DATACENTER/2/yt8m/frame_level/validateou.tfrecord
/DATACENTER/2/yt8m/frame_level/validateiW.tfrecord
/DATACENTER/2/yt8m/frame_level/validatetz.tfrecord
/DATACENTER/2/yt8m/frame_level/validateYA.tfrecord
/DATACENTER/2/yt8m/frame_level/validateGR.tfrecord
/DATACENTER/2/yt8m/frame_level/validateHU.tfrecord
/DATACENTER/2/yt8m/frame_level/validateWl.tfrecord
/DATACENTER/2/yt8m/frame_level/validatezI.tfrecord
/DATACENTER/2/yt8m/frame_level/validatejL.tfrecord
/DATACENTER/2/yt8m/frame_level/validatenY.tfrecord
/DATACENTER/2/yt8m/frame_level/validatehG.tfrecord
/DATACENTER/2/yt8m/frame_level/validate_w.tfrecord
/DATACENTER/2/yt8m/frame_level/validateyX.tfrecord
/DATACENTER/2/yt8m/frame_level/validatexy.tfrecord
/DATACENTER/2/yt8m/frame_level/validatelp.tfrecord
/DATACENTER/2/yt8m/frame_level/validatez4.tfrecord
/DATACENTER/2/yt8m/frame_level/validate2t.tfrecord
/DATACENTER/2/yt8m/frame_level/validatedT.tfrecord
/DATACENTER/2/yt8m/frame_level/validate5k.tfrecord
/DATACENTER/2/yt8m/frame_level/validate95.tfrecord
/DATACENTER/2/yt8m/frame_level/validatevp.tfrecord
/DATACENTER/2/yt8m/frame_level/validate8c.tfrecord
/DATACENTER/2/yt8m/frame_level/validate_l.tfrecord
/DATACENTER/2/yt8m/frame_level/validateJY.tfrecord
/DATACENTER/2/yt8m/frame_level/validateuC.tfrecord
/DATACENTER/2/yt8m/frame_level/validateAr.tfrecord
/DATACENTER/2/yt8m/frame_level/validatepJ.tfrecord
/DATACENTER/2/yt8m/frame_level/validate1q.tfrecord
/DATACENTER/2/yt8m/frame_level/validateHC.tfrecord
/DATACENTER/2/yt8m/frame_level/validatevO.tfrecord
/DATACENTER/2/yt8m/frame_level/validateFt.tfrecord
/DATACENTER/2/yt8m/frame_level/validatewJ.tfrecord
/DATACENTER/2/yt8m/frame_level/validategw.tfrecord
/DATACENTER/2/yt8m/frame_level/validateQA.tfrecord
/DATACENTER/2/yt8m/frame_level/validate06.tfrecord
/DATACENTER/2/yt8m/frame_level/validatetx.tfrecord
/DATACENTER/2/yt8m/frame_level/validatey1.tfrecord
/DATACENTER/2/yt8m/frame_level/validateTk.tfrecord
/DATACENTER/2/yt8m/frame_level/validate-q.tfrecord
/DATACENTER/2/yt8m/frame_level/validateZ-.tfrecord
/DATACENTER/2/yt8m/frame_level/validate2y.tfrecord
/DATACENTER/2/yt8m/frame_level/validateZJ.tfrecord
/DATACENTER/2/yt8m/frame_level/validatenx.tfrecord
/DATACENTER/2/yt8m/frame_level/validate_d.tfrecord
/DATACENTER/2/yt8m/frame_level/validateHb.tfrecord
/DATACENTER/2/yt8m/frame_level/validateCe.tfrecord
/DATACENTER/2/yt8m/frame_level/validatefK.tfrecord
/DATACENTER/2/yt8m/frame_level/validatehj.tfrecord
/DATACENTER/2/yt8m/frame_level/validate_W.tfrecord
/DATACENTER/2/yt8m/frame_level/validateRC.tfrecord
/DATACENTER/2/yt8m/frame_level/validateoO.tfrecord
/DATACENTER/2/yt8m/frame_level/validateBa.tfrecord
/DATACENTER/2/yt8m/frame_level/validateh4.tfrecord
/DATACENTER/2/yt8m/frame_level/validateGz.tfrecord
/DATACENTER/2/yt8m/frame_level/validateCB.tfrecord
/DATACENTER/2/yt8m/frame_level/validatePI.tfrecord
/DATACENTER/2/yt8m/frame_level/validateU6.tfrecord
/DATACENTER/2/yt8m/frame_level/validatesc.tfrecord
/DATACENTER/2/yt8m/frame_level/validateUp.tfrecord
/DATACENTER/2/yt8m/frame_level/validateiy.tfrecord
/DATACENTER/2/yt8m/frame_level/validateHr.tfrecord
/DATACENTER/2/yt8m/frame_level/validateXB.tfrecord
/DATACENTER/2/yt8m/frame_level/validateNh.tfrecord
/DATACENTER/2/yt8m/frame_level/validatetM.tfrecord
/DATACENTER/2/yt8m/frame_level/validatezK.tfrecord
/DATACENTER/2/yt8m/frame_level/validateU_.tfrecord
/DATACENTER/2/yt8m/frame_level/validateyt.tfrecord
/DATACENTER/2/yt8m/frame_level/validate03.tfrecord
/DATACENTER/2/yt8m/frame_level/validate_K.tfrecord
/DATACENTER/2/yt8m/frame_level/validatePd.tfrecord
/DATACENTER/2/yt8m/frame_level/validatecU.tfrecord
/DATACENTER/2/yt8m/frame_level/validateZt.tfrecord
/DATACENTER/2/yt8m/frame_level/validateHQ.tfrecord
/DATACENTER/2/yt8m/frame_level/validateH0.tfrecord
/DATACENTER/2/yt8m/frame_level/validate28.tfrecord
/DATACENTER/2/yt8m/frame_level/validateME.tfrecord
/DATACENTER/2/yt8m/frame_level/validateKS.tfrecord
/DATACENTER/2/yt8m/frame_level/validate7C.tfrecord
/DATACENTER/2/yt8m/frame_level/validatefU.tfrecord
/DATACENTER/2/yt8m/frame_level/validate-9.tfrecord
/DATACENTER/2/yt8m/frame_level/validateBo.tfrecord
/DATACENTER/2/yt8m/frame_level/validateyV.tfrecord
/DATACENTER/2/yt8m/frame_level/validateCJ.tfrecord
/DATACENTER/2/yt8m/frame_level/validatemh.tfrecord
/DATACENTER/2/yt8m/frame_level/validatei1.tfrecord
/DATACENTER/2/yt8m/frame_level/validateO4.tfrecord
/DATACENTER/2/yt8m/frame_level/validateZo.tfrecord
/DATACENTER/2/yt8m/frame_level/validateLe.tfrecord
/DATACENTER/2/yt8m/frame_level/validateLB.tfrecord
/DATACENTER/2/yt8m/frame_level/validatejq.tfrecord
/DATACENTER/2/yt8m/frame_level/validatesK.tfrecord
/DATACENTER/2/yt8m/frame_level/validatepL.tfrecord
/DATACENTER/2/yt8m/frame_level/validate0i.tfrecord
/DATACENTER/2/yt8m/frame_level/validateqX.tfrecord
/DATACENTER/2/yt8m/frame_level/validateFH.tfrecord
/DATACENTER/2/yt8m/frame_level/validateeJ.tfrecord
/DATACENTER/2/yt8m/frame_level/validateLD.tfrecord
/DATACENTER/2/yt8m/frame_level/validate8f.tfrecord
/DATACENTER/2/yt8m/frame_level/validatedq.tfrecord
/DATACENTER/2/yt8m/frame_level/validateBV.tfrecord
/DATACENTER/2/yt8m/frame_level/validate6B.tfrecord
/DATACENTER/2/yt8m/frame_level/validategD.tfrecord
/DATACENTER/2/yt8m/frame_level/validateJb.tfrecord
/DATACENTER/2/yt8m/frame_level/validate8Z.tfrecord
/DATACENTER/2/yt8m/frame_level/validate_D.tfrecord
/DATACENTER/2/yt8m/frame_level/validateh5.tfrecord
/DATACENTER/2/yt8m/frame_level/validateFo.tfrecord
/DATACENTER/2/yt8m/frame_level/validateAX.tfrecord
/DATACENTER/2/yt8m/frame_level/validate6i.tfrecord
/DATACENTER/2/yt8m/frame_level/validatexI.tfrecord
/DATACENTER/2/yt8m/frame_level/validateqq.tfrecord
/DATACENTER/2/yt8m/frame_level/validate9J.tfrecord
/DATACENTER/2/yt8m/frame_level/validate9m.tfrecord
/DATACENTER/2/yt8m/frame_level/validatemt.tfrecord
/DATACENTER/2/yt8m/frame_level/validateQb.tfrecord
/DATACENTER/2/yt8m/frame_level/validate7s.tfrecord
/DATACENTER/2/yt8m/frame_level/validateu9.tfrecord
/DATACENTER/2/yt8m/frame_level/validateiQ.tfrecord
/DATACENTER/2/yt8m/frame_level/validateJV.tfrecord
/DATACENTER/2/yt8m/frame_level/validateeb.tfrecord
/DATACENTER/2/yt8m/frame_level/validateDg.tfrecord
/DATACENTER/2/yt8m/frame_level/validateGt.tfrecord
/DATACENTER/2/yt8m/frame_level/validate0v.tfrecord
/DATACENTER/2/yt8m/frame_level/validateB_.tfrecord
/DATACENTER/2/yt8m/frame_level/validate_L.tfrecord
/DATACENTER/2/yt8m/frame_level/validateQR.tfrecord
/DATACENTER/2/yt8m/frame_level/validategZ.tfrecord
/DATACENTER/2/yt8m/frame_level/validategj.tfrecord
/DATACENTER/2/yt8m/frame_level/validateYf.tfrecord
/DATACENTER/2/yt8m/frame_level/validateeP.tfrecord
/DATACENTER/2/yt8m/frame_level/validateEr.tfrecord
/DATACENTER/2/yt8m/frame_level/validateZW.tfrecord
/DATACENTER/2/yt8m/frame_level/validateMB.tfrecord
/DATACENTER/2/yt8m/frame_level/validate-e.tfrecord
/DATACENTER/2/yt8m/frame_level/validateVP.tfrecord
/DATACENTER/2/yt8m/frame_level/validatepe.tfrecord
/DATACENTER/2/yt8m/frame_level/validateL3.tfrecord
/DATACENTER/2/yt8m/frame_level/validatefE.tfrecord
/DATACENTER/2/yt8m/frame_level/validateFv.tfrecord
/DATACENTER/2/yt8m/frame_level/validatehv.tfrecord
/DATACENTER/2/yt8m/frame_level/validatevN.tfrecord
/DATACENTER/2/yt8m/frame_level/validate9n.tfrecord
/DATACENTER/2/yt8m/frame_level/validatepz.tfrecord
/DATACENTER/2/yt8m/frame_level/validateMu.tfrecord
/DATACENTER/2/yt8m/frame_level/validatewU.tfrecord
/DATACENTER/2/yt8m/frame_level/validatey6.tfrecord
/DATACENTER/2/yt8m/frame_level/validateQX.tfrecord
/DATACENTER/2/yt8m/frame_level/validateTO.tfrecord
/DATACENTER/2/yt8m/frame_level/validateT2.tfrecord
/DATACENTER/2/yt8m/frame_level/validatejw.tfrecord
/DATACENTER/2/yt8m/frame_level/validateGL.tfrecord
/DATACENTER/2/yt8m/frame_level/validatenD.tfrecord
/DATACENTER/2/yt8m/frame_level/validateMn.tfrecord
/DATACENTER/2/yt8m/frame_level/validateb-.tfrecord
/DATACENTER/2/yt8m/frame_level/validate_7.tfrecord
/DATACENTER/2/yt8m/frame_level/validatewa.tfrecord
/DATACENTER/2/yt8m/frame_level/validate8x.tfrecord
/DATACENTER/2/yt8m/frame_level/validateig.tfrecord
/DATACENTER/2/yt8m/frame_level/validatePj.tfrecord
/DATACENTER/2/yt8m/frame_level/validateQ2.tfrecord
/DATACENTER/2/yt8m/frame_level/validatekB.tfrecord
/DATACENTER/2/yt8m/frame_level/validateYe.tfrecord
/DATACENTER/2/yt8m/frame_level/validate4a.tfrecord
/DATACENTER/2/yt8m/frame_level/validateGl.tfrecord
/DATACENTER/2/yt8m/frame_level/validate0C.tfrecord
/DATACENTER/2/yt8m/frame_level/validate-_.tfrecord
/DATACENTER/2/yt8m/frame_level/validatezP.tfrecord
/DATACENTER/2/yt8m/frame_level/validateI9.tfrecord
/DATACENTER/2/yt8m/frame_level/validateCz.tfrecord
/DATACENTER/2/yt8m/frame_level/validate2l.tfrecord
/DATACENTER/2/yt8m/frame_level/validatesS.tfrecord
/DATACENTER/2/yt8m/frame_level/validate4E.tfrecord
/DATACENTER/2/yt8m/frame_level/validateWH.tfrecord
/DATACENTER/2/yt8m/frame_level/validatecN.tfrecord
/DATACENTER/2/yt8m/frame_level/validateno.tfrecord
/DATACENTER/2/yt8m/frame_level/validateKb.tfrecord
/DATACENTER/2/yt8m/frame_level/validatewf.tfrecord
/DATACENTER/2/yt8m/frame_level/validateZ_.tfrecord
/DATACENTER/2/yt8m/frame_level/validateNd.tfrecord
/DATACENTER/2/yt8m/frame_level/validateDy.tfrecord
/DATACENTER/2/yt8m/frame_level/validateiP.tfrecord
/DATACENTER/2/yt8m/frame_level/validateDM.tfrecord
/DATACENTER/2/yt8m/frame_level/validatepN.tfrecord
/DATACENTER/2/yt8m/frame_level/validatezc.tfrecord
/DATACENTER/2/yt8m/frame_level/validateaL.tfrecord
/DATACENTER/2/yt8m/frame_level/validateCV.tfrecord
/DATACENTER/2/yt8m/frame_level/validateYQ.tfrecord
/DATACENTER/2/yt8m/frame_level/validateRN.tfrecord
/DATACENTER/2/yt8m/frame_level/validateG7.tfrecord
/DATACENTER/2/yt8m/frame_level/validateHl.tfrecord
/DATACENTER/2/yt8m/frame_level/validateic.tfrecord
/DATACENTER/2/yt8m/frame_level/validateWD.tfrecord
/DATACENTER/2/yt8m/frame_level/validateni.tfrecord
/DATACENTER/2/yt8m/frame_level/validatetP.tfrecord
/DATACENTER/2/yt8m/frame_level/validate_8.tfrecord
/DATACENTER/2/yt8m/frame_level/validatesa.tfrecord
/DATACENTER/2/yt8m/frame_level/validate60.tfrecord
/DATACENTER/2/yt8m/frame_level/validatevM.tfrecord
/DATACENTER/2/yt8m/frame_level/validateB6.tfrecord
/DATACENTER/2/yt8m/frame_level/validate7t.tfrecord
/DATACENTER/2/yt8m/frame_level/validate4u.tfrecord
/DATACENTER/2/yt8m/frame_level/validateOA.tfrecord
/DATACENTER/2/yt8m/frame_level/validatepU.tfrecord
/DATACENTER/2/yt8m/frame_level/validateSt.tfrecord
/DATACENTER/2/yt8m/frame_level/validateGg.tfrecord
/DATACENTER/2/yt8m/frame_level/validatePa.tfrecord
/DATACENTER/2/yt8m/frame_level/validateNx.tfrecord
/DATACENTER/2/yt8m/frame_level/validateZE.tfrecord
/DATACENTER/2/yt8m/frame_level/validateEx.tfrecord
/DATACENTER/2/yt8m/frame_level/validatejh.tfrecord
/DATACENTER/2/yt8m/frame_level/validateDE.tfrecord
/DATACENTER/2/yt8m/frame_level/validaterx.tfrecord
/DATACENTER/2/yt8m/frame_level/validateW6.tfrecord
/DATACENTER/2/yt8m/frame_level/validateQY.tfrecord
/DATACENTER/2/yt8m/frame_level/validateDl.tfrecord
/DATACENTER/2/yt8m/frame_level/validate0D.tfrecord
/DATACENTER/2/yt8m/frame_level/validateF3.tfrecord
/DATACENTER/2/yt8m/frame_level/validate5T.tfrecord
/DATACENTER/2/yt8m/frame_level/validateer.tfrecord
/DATACENTER/2/yt8m/frame_level/validate4p.tfrecord
/DATACENTER/2/yt8m/frame_level/validatee0.tfrecord
/DATACENTER/2/yt8m/frame_level/validatenA.tfrecord
/DATACENTER/2/yt8m/frame_level/validatebk.tfrecord
/DATACENTER/2/yt8m/frame_level/validateZy.tfrecord
/DATACENTER/2/yt8m/frame_level/validatedI.tfrecord
/DATACENTER/2/yt8m/frame_level/validatea3.tfrecord
/DATACENTER/2/yt8m/frame_level/validatehe.tfrecord
/DATACENTER/2/yt8m/frame_level/validateuT.tfrecord
/DATACENTER/2/yt8m/frame_level/validateNj.tfrecord
/DATACENTER/2/yt8m/frame_level/validateUG.tfrecord
/DATACENTER/2/yt8m/frame_level/validateBf.tfrecord
/DATACENTER/2/yt8m/frame_level/validateA9.tfrecord
/DATACENTER/2/yt8m/frame_level/validatedA.tfrecord
/DATACENTER/2/yt8m/frame_level/validateuy.tfrecord
/DATACENTER/2/yt8m/frame_level/validateL1.tfrecord
/DATACENTER/2/yt8m/frame_level/validatelh.tfrecord
/DATACENTER/2/yt8m/frame_level/validate5f.tfrecord
/DATACENTER/2/yt8m/frame_level/validatezo.tfrecord
/DATACENTER/2/yt8m/frame_level/validatenv.tfrecord
/DATACENTER/2/yt8m/frame_level/validate_G.tfrecord
/DATACENTER/2/yt8m/frame_level/validatef7.tfrecord
/DATACENTER/2/yt8m/frame_level/validate0r.tfrecord
/DATACENTER/2/yt8m/frame_level/validatemN.tfrecord
/DATACENTER/2/yt8m/frame_level/validateGS.tfrecord
/DATACENTER/2/yt8m/frame_level/validatePr.tfrecord
/DATACENTER/2/yt8m/frame_level/validateFM.tfrecord
/DATACENTER/2/yt8m/frame_level/validateXE.tfrecord
/DATACENTER/2/yt8m/frame_level/validateqw.tfrecord
/DATACENTER/2/yt8m/frame_level/validatejl.tfrecord
/DATACENTER/2/yt8m/frame_level/validateeo.tfrecord
/DATACENTER/2/yt8m/frame_level/validateI2.tfrecord
/DATACENTER/2/yt8m/frame_level/validateTj.tfrecord
/DATACENTER/2/yt8m/frame_level/validateOI.tfrecord
/DATACENTER/2/yt8m/frame_level/validate9x.tfrecord
/DATACENTER/2/yt8m/frame_level/validate7A.tfrecord
/DATACENTER/2/yt8m/frame_level/validateYl.tfrecord
/DATACENTER/2/yt8m/frame_level/validate18.tfrecord
/DATACENTER/2/yt8m/frame_level/validateci.tfrecord
/DATACENTER/2/yt8m/frame_level/validateTS.tfrecord
/DATACENTER/2/yt8m/frame_level/validatefH.tfrecord
/DATACENTER/2/yt8m/frame_level/validatexY.tfrecord
/DATACENTER/2/yt8m/frame_level/validateUa.tfrecord
/DATACENTER/2/yt8m/frame_level/validatewQ.tfrecord
/DATACENTER/2/yt8m/frame_level/validatezD.tfrecord
/DATACENTER/2/yt8m/frame_level/validateH7.tfrecord
/DATACENTER/2/yt8m/frame_level/validatehJ.tfrecord
/DATACENTER/2/yt8m/frame_level/validaterO.tfrecord
/DATACENTER/2/yt8m/frame_level/validatevH.tfrecord
/DATACENTER/2/yt8m/frame_level/validate9z.tfrecord
/DATACENTER/2/yt8m/frame_level/validatesG.tfrecord
/DATACENTER/2/yt8m/frame_level/validate8h.tfrecord
/DATACENTER/2/yt8m/frame_level/validatemD.tfrecord
/DATACENTER/2/yt8m/frame_level/validatepd.tfrecord
/DATACENTER/2/yt8m/frame_level/validate0V.tfrecord
/DATACENTER/2/yt8m/frame_level/validatey_.tfrecord
/DATACENTER/2/yt8m/frame_level/validateyL.tfrecord
/DATACENTER/2/yt8m/frame_level/validateBm.tfrecord
/DATACENTER/2/yt8m/frame_level/validatetK.tfrecord
/DATACENTER/2/yt8m/frame_level/validatePi.tfrecord
/DATACENTER/2/yt8m/frame_level/validateKg.tfrecord
/DATACENTER/2/yt8m/frame_level/validatevf.tfrecord
/DATACENTER/2/yt8m/frame_level/validateEA.tfrecord
/DATACENTER/2/yt8m/frame_level/validateD9.tfrecord
/DATACENTER/2/yt8m/frame_level/validateqG.tfrecord
/DATACENTER/2/yt8m/frame_level/validate-b.tfrecord
/DATACENTER/2/yt8m/frame_level/validateP9.tfrecord
/DATACENTER/2/yt8m/frame_level/validateA7.tfrecord
/DATACENTER/2/yt8m/frame_level/validate0f.tfrecord
/DATACENTER/2/yt8m/frame_level/validate9Q.tfrecord
/DATACENTER/2/yt8m/frame_level/validates2.tfrecord
/DATACENTER/2/yt8m/frame_level/validateZi.tfrecord
/DATACENTER/2/yt8m/frame_level/validatefi.tfrecord
/DATACENTER/2/yt8m/frame_level/validate8M.tfrecord
/DATACENTER/2/yt8m/frame_level/validateTL.tfrecord
/DATACENTER/2/yt8m/frame_level/validate05.tfrecord
/DATACENTER/2/yt8m/frame_level/validate6T.tfrecord
/DATACENTER/2/yt8m/frame_level/validatePD.tfrecord
/DATACENTER/2/yt8m/frame_level/validateKL.tfrecord
/DATACENTER/2/yt8m/frame_level/validatedV.tfrecord
/DATACENTER/2/yt8m/frame_level/validateaZ.tfrecord
/DATACENTER/2/yt8m/frame_level/validatehV.tfrecord
/DATACENTER/2/yt8m/frame_level/validateXu.tfrecord
/DATACENTER/2/yt8m/frame_level/validate0t.tfrecord
/DATACENTER/2/yt8m/frame_level/validatend.tfrecord
/DATACENTER/2/yt8m/frame_level/validatesr.tfrecord
/DATACENTER/2/yt8m/frame_level/validateUi.tfrecord
/DATACENTER/2/yt8m/frame_level/validate2S.tfrecord
/DATACENTER/2/yt8m/frame_level/validateET.tfrecord
/DATACENTER/2/yt8m/frame_level/validateUV.tfrecord
/DATACENTER/2/yt8m/frame_level/validateai.tfrecord
/DATACENTER/2/yt8m/frame_level/validateTi.tfrecord
/DATACENTER/2/yt8m/frame_level/validatevz.tfrecord
/DATACENTER/2/yt8m/frame_level/validatelO.tfrecord
/DATACENTER/2/yt8m/frame_level/validate8g.tfrecord
/DATACENTER/2/yt8m/frame_level/validate2w.tfrecord
/DATACENTER/2/yt8m/frame_level/validateon.tfrecord
/DATACENTER/2/yt8m/frame_level/validate4Z.tfrecord
/DATACENTER/2/yt8m/frame_level/validateDU.tfrecord
/DATACENTER/2/yt8m/frame_level/validateUz.tfrecord
/DATACENTER/2/yt8m/frame_level/validateF4.tfrecord
/DATACENTER/2/yt8m/frame_level/validate9b.tfrecord
/DATACENTER/2/yt8m/frame_level/validateBr.tfrecord
/DATACENTER/2/yt8m/frame_level/validateMO.tfrecord
/DATACENTER/2/yt8m/frame_level/validateLu.tfrecord
/DATACENTER/2/yt8m/frame_level/validatenI.tfrecord
/DATACENTER/2/yt8m/frame_level/validateq7.tfrecord
/DATACENTER/2/yt8m/frame_level/validateaT.tfrecord
/DATACENTER/2/yt8m/frame_level/validate9Z.tfrecord
/DATACENTER/2/yt8m/frame_level/validateLb.tfrecord
/DATACENTER/2/yt8m/frame_level/validateHg.tfrecord
/DATACENTER/2/yt8m/frame_level/validatevW.tfrecord
/DATACENTER/2/yt8m/frame_level/validate-Q.tfrecord
/DATACENTER/2/yt8m/frame_level/validatedJ.tfrecord
/DATACENTER/2/yt8m/frame_level/validateTf.tfrecord
/DATACENTER/2/yt8m/frame_level/validatetp.tfrecord
/DATACENTER/2/yt8m/frame_level/validateQG.tfrecord
/DATACENTER/2/yt8m/frame_level/validatejQ.tfrecord
/DATACENTER/2/yt8m/frame_level/validateS7.tfrecord
/DATACENTER/2/yt8m/frame_level/validate5n.tfrecord
/DATACENTER/2/yt8m/frame_level/validatejx.tfrecord
/DATACENTER/2/yt8m/frame_level/validatevR.tfrecord
/DATACENTER/2/yt8m/frame_level/validatexf.tfrecord
/DATACENTER/2/yt8m/frame_level/validateJo.tfrecord
/DATACENTER/2/yt8m/frame_level/validateSP.tfrecord
/DATACENTER/2/yt8m/frame_level/validate7Z.tfrecord
/DATACENTER/2/yt8m/frame_level/validate6v.tfrecord
/DATACENTER/2/yt8m/frame_level/validateIB.tfrecord
/DATACENTER/2/yt8m/frame_level/validatesO.tfrecord
/DATACENTER/2/yt8m/frame_level/validateV_.tfrecord
/DATACENTER/2/yt8m/frame_level/validate5x.tfrecord
/DATACENTER/2/yt8m/frame_level/validategv.tfrecord
/DATACENTER/2/yt8m/frame_level/validatepl.tfrecord
/DATACENTER/2/yt8m/frame_level/validateH1.tfrecord
/DATACENTER/2/yt8m/frame_level/validate2H.tfrecord
/DATACENTER/2/yt8m/frame_level/validateXy.tfrecord
/DATACENTER/2/yt8m/frame_level/validatefA.tfrecord
/DATACENTER/2/yt8m/frame_level/validate3J.tfrecord
/DATACENTER/2/yt8m/frame_level/validatemI.tfrecord
/DATACENTER/2/yt8m/frame_level/validateSZ.tfrecord
/DATACENTER/2/yt8m/frame_level/validateTb.tfrecord
/DATACENTER/2/yt8m/frame_level/validateV0.tfrecord
/DATACENTER/2/yt8m/frame_level/validatehA.tfrecord
/DATACENTER/2/yt8m/frame_level/validatelg.tfrecord
/DATACENTER/2/yt8m/frame_level/validaterV.tfrecord
/DATACENTER/2/yt8m/frame_level/validate_q.tfrecord
/DATACENTER/2/yt8m/frame_level/validate-k.tfrecord
/DATACENTER/2/yt8m/frame_level/validateRt.tfrecord
/DATACENTER/2/yt8m/frame_level/validateN-.tfrecord
/DATACENTER/2/yt8m/frame_level/validateM2.tfrecord
/DATACENTER/2/yt8m/frame_level/validateZv.tfrecord
/DATACENTER/2/yt8m/frame_level/validateHt.tfrecord
/DATACENTER/2/yt8m/frame_level/validate1t.tfrecord
/DATACENTER/2/yt8m/frame_level/validate1i.tfrecord
/DATACENTER/2/yt8m/frame_level/validate3s.tfrecord
/DATACENTER/2/yt8m/frame_level/validate9X.tfrecord
/DATACENTER/2/yt8m/frame_level/validateYs.tfrecord
/DATACENTER/2/yt8m/frame_level/validateYa.tfrecord
/DATACENTER/2/yt8m/frame_level/validatejm.tfrecord
/DATACENTER/2/yt8m/frame_level/validateBH.tfrecord
/DATACENTER/2/yt8m/frame_level/validatewq.tfrecord
/DATACENTER/2/yt8m/frame_level/validateTR.tfrecord
/DATACENTER/2/yt8m/frame_level/validatef6.tfrecord
/DATACENTER/2/yt8m/frame_level/validateoR.tfrecord
/DATACENTER/2/yt8m/frame_level/validatesP.tfrecord
/DATACENTER/2/yt8m/frame_level/validate2C.tfrecord
/DATACENTER/2/yt8m/frame_level/validateAI.tfrecord
/DATACENTER/2/yt8m/frame_level/validateVt.tfrecord
/DATACENTER/2/yt8m/frame_level/validatep7.tfrecord
/DATACENTER/2/yt8m/frame_level/validatecP.tfrecord
/DATACENTER/2/yt8m/frame_level/validate7i.tfrecord
/DATACENTER/2/yt8m/frame_level/validateKe.tfrecord
/DATACENTER/2/yt8m/frame_level/validateJj.tfrecord
/DATACENTER/2/yt8m/frame_level/validateCN.tfrecord
/DATACENTER/2/yt8m/frame_level/validate2_.tfrecord
/DATACENTER/2/yt8m/frame_level/validatedL.tfrecord
/DATACENTER/2/yt8m/frame_level/validateZH.tfrecord
/DATACENTER/2/yt8m/frame_level/validate73.tfrecord
/DATACENTER/2/yt8m/frame_level/validateKX.tfrecord
/DATACENTER/2/yt8m/frame_level/validate8q.tfrecord
/DATACENTER/2/yt8m/frame_level/validateGM.tfrecord
/DATACENTER/2/yt8m/frame_level/validatenz.tfrecord
/DATACENTER/2/yt8m/frame_level/validateOW.tfrecord
/DATACENTER/2/yt8m/frame_level/validateSb.tfrecord
/DATACENTER/2/yt8m/frame_level/validates-.tfrecord
/DATACENTER/2/yt8m/frame_level/validatenJ.tfrecord
/DATACENTER/2/yt8m/frame_level/validateO7.tfrecord
/DATACENTER/2/yt8m/frame_level/validatezt.tfrecord
/DATACENTER/2/yt8m/frame_level/validatepY.tfrecord
/DATACENTER/2/yt8m/frame_level/validateNZ.tfrecord
/DATACENTER/2/yt8m/frame_level/validate23.tfrecord
/DATACENTER/2/yt8m/frame_level/validatezj.tfrecord
/DATACENTER/2/yt8m/frame_level/validateHc.tfrecord
/DATACENTER/2/yt8m/frame_level/validatejj.tfrecord
/DATACENTER/2/yt8m/frame_level/validateTn.tfrecord
/DATACENTER/2/yt8m/frame_level/validateJW.tfrecord
/DATACENTER/2/yt8m/frame_level/validate-m.tfrecord
/DATACENTER/2/yt8m/frame_level/validateGT.tfrecord
/DATACENTER/2/yt8m/frame_level/validateOB.tfrecord
/DATACENTER/2/yt8m/frame_level/validateIC.tfrecord
/DATACENTER/2/yt8m/frame_level/validateMD.tfrecord
/DATACENTER/2/yt8m/frame_level/validatef4.tfrecord
/DATACENTER/2/yt8m/frame_level/validateIb.tfrecord
/DATACENTER/2/yt8m/frame_level/validate2M.tfrecord
/DATACENTER/2/yt8m/frame_level/validateYi.tfrecord
/DATACENTER/2/yt8m/frame_level/validatesp.tfrecord
/DATACENTER/2/yt8m/frame_level/validateS1.tfrecord
/DATACENTER/2/yt8m/frame_level/validateZx.tfrecord
/DATACENTER/2/yt8m/frame_level/validateVp.tfrecord
/DATACENTER/2/yt8m/frame_level/validateD7.tfrecord
/DATACENTER/2/yt8m/frame_level/validate3p.tfrecord
/DATACENTER/2/yt8m/frame_level/validateS2.tfrecord
/DATACENTER/2/yt8m/frame_level/validateLG.tfrecord
/DATACENTER/2/yt8m/frame_level/validateAQ.tfrecord
/DATACENTER/2/yt8m/frame_level/validateto.tfrecord
/DATACENTER/2/yt8m/frame_level/validated9.tfrecord
/DATACENTER/2/yt8m/frame_level/validateUf.tfrecord
/DATACENTER/2/yt8m/frame_level/validatetY.tfrecord
/DATACENTER/2/yt8m/frame_level/validate1o.tfrecord
/DATACENTER/2/yt8m/frame_level/validate4P.tfrecord
/DATACENTER/2/yt8m/frame_level/validateu_.tfrecord
/DATACENTER/2/yt8m/frame_level/validatezs.tfrecord
/DATACENTER/2/yt8m/frame_level/validatewo.tfrecord
/DATACENTER/2/yt8m/frame_level/validateOX.tfrecord
/DATACENTER/2/yt8m/frame_level/validateO2.tfrecord
/DATACENTER/2/yt8m/frame_level/validateUj.tfrecord
/DATACENTER/2/yt8m/frame_level/validateAK.tfrecord
/DATACENTER/2/yt8m/frame_level/validate_T.tfrecord
/DATACENTER/2/yt8m/frame_level/validateGI.tfrecord
/DATACENTER/2/yt8m/frame_level/validate6P.tfrecord
/DATACENTER/2/yt8m/frame_level/validateKN.tfrecord
/DATACENTER/2/yt8m/frame_level/validatebC.tfrecord
/DATACENTER/2/yt8m/frame_level/validatexV.tfrecord
/DATACENTER/2/yt8m/frame_level/validatec1.tfrecord
/DATACENTER/2/yt8m/frame_level/validate4G.tfrecord
/DATACENTER/2/yt8m/frame_level/validatePq.tfrecord
/DATACENTER/2/yt8m/frame_level/validateB4.tfrecord
/DATACENTER/2/yt8m/frame_level/validate7l.tfrecord
/DATACENTER/2/yt8m/frame_level/validate5A.tfrecord
/DATACENTER/2/yt8m/frame_level/validateuV.tfrecord
/DATACENTER/2/yt8m/frame_level/validateJw.tfrecord
/DATACENTER/2/yt8m/frame_level/validateVr.tfrecord
/DATACENTER/2/yt8m/frame_level/validateXo.tfrecord
/DATACENTER/2/yt8m/frame_level/validatezF.tfrecord
/DATACENTER/2/yt8m/frame_level/validateB0.tfrecord
/DATACENTER/2/yt8m/frame_level/validate0o.tfrecord
/DATACENTER/2/yt8m/frame_level/validateId.tfrecord
/DATACENTER/2/yt8m/frame_level/validateyG.tfrecord
/DATACENTER/2/yt8m/frame_level/validatepI.tfrecord
/DATACENTER/2/yt8m/frame_level/validate_S.tfrecord
/DATACENTER/2/yt8m/frame_level/validateNa.tfrecord
/DATACENTER/2/yt8m/frame_level/validateNB.tfrecord
/DATACENTER/2/yt8m/frame_level/validatecy.tfrecord
/DATACENTER/2/yt8m/frame_level/validate5W.tfrecord
/DATACENTER/2/yt8m/frame_level/validateFB.tfrecord
/DATACENTER/2/yt8m/frame_level/validatekP.tfrecord
/DATACENTER/2/yt8m/frame_level/validateMf.tfrecord
/DATACENTER/2/yt8m/frame_level/validatemV.tfrecord
/DATACENTER/2/yt8m/frame_level/validateVA.tfrecord
/DATACENTER/2/yt8m/frame_level/validate8j.tfrecord
/DATACENTER/2/yt8m/frame_level/validatePt.tfrecord
/DATACENTER/2/yt8m/frame_level/validateJa.tfrecord
/DATACENTER/2/yt8m/frame_level/validate-f.tfrecord
/DATACENTER/2/yt8m/frame_level/validateyE.tfrecord
/DATACENTER/2/yt8m/frame_level/validate8G.tfrecord
/DATACENTER/2/yt8m/frame_level/validatesZ.tfrecord
/DATACENTER/2/yt8m/frame_level/validateex.tfrecord
/DATACENTER/2/yt8m/frame_level/validate8z.tfrecord
/DATACENTER/2/yt8m/frame_level/validateXr.tfrecord
/DATACENTER/2/yt8m/frame_level/validate6W.tfrecord
/DATACENTER/2/yt8m/frame_level/validate38.tfrecord
/DATACENTER/2/yt8m/frame_level/validateXb.tfrecord
/DATACENTER/2/yt8m/frame_level/validate1N.tfrecord
/DATACENTER/2/yt8m/frame_level/validatelC.tfrecord
/DATACENTER/2/yt8m/frame_level/validate1f.tfrecord
/DATACENTER/2/yt8m/frame_level/validateMs.tfrecord
/DATACENTER/2/yt8m/frame_level/validateOa.tfrecord
/DATACENTER/2/yt8m/frame_level/validatehy.tfrecord
/DATACENTER/2/yt8m/frame_level/validateqi.tfrecord
/DATACENTER/2/yt8m/frame_level/validatesd.tfrecord
/DATACENTER/2/yt8m/frame_level/validateuh.tfrecord
/DATACENTER/2/yt8m/frame_level/validate84.tfrecord
/DATACENTER/2/yt8m/frame_level/validatekp.tfrecord
/DATACENTER/2/yt8m/frame_level/validate9q.tfrecord
/DATACENTER/2/yt8m/frame_level/validateLY.tfrecord
/DATACENTER/2/yt8m/frame_level/validatenT.tfrecord
/DATACENTER/2/yt8m/frame_level/validatezE.tfrecord
/DATACENTER/2/yt8m/frame_level/validatem5.tfrecord
/DATACENTER/2/yt8m/frame_level/validatefw.tfrecord
/DATACENTER/2/yt8m/frame_level/validateKG.tfrecord
/DATACENTER/2/yt8m/frame_level/validatei5.tfrecord
/DATACENTER/2/yt8m/frame_level/validate6Y.tfrecord
/DATACENTER/2/yt8m/frame_level/validateLy.tfrecord
/DATACENTER/2/yt8m/frame_level/validatefM.tfrecord
/DATACENTER/2/yt8m/frame_level/validatecs.tfrecord
/DATACENTER/2/yt8m/frame_level/validateVs.tfrecord
/DATACENTER/2/yt8m/frame_level/validategV.tfrecord
/DATACENTER/2/yt8m/frame_level/validateTu.tfrecord
/DATACENTER/2/yt8m/frame_level/validateU2.tfrecord
/DATACENTER/2/yt8m/frame_level/validateUR.tfrecord
/DATACENTER/2/yt8m/frame_level/validatesL.tfrecord
/DATACENTER/2/yt8m/frame_level/validatet8.tfrecord
/DATACENTER/2/yt8m/frame_level/validate6s.tfrecord
/DATACENTER/2/yt8m/frame_level/validatefZ.tfrecord
/DATACENTER/2/yt8m/frame_level/validate_-.tfrecord
/DATACENTER/2/yt8m/frame_level/validateen.tfrecord
/DATACENTER/2/yt8m/frame_level/validatenP.tfrecord
/DATACENTER/2/yt8m/frame_level/validate9s.tfrecord
/DATACENTER/2/yt8m/frame_level/validate5v.tfrecord
/DATACENTER/2/yt8m/frame_level/validateJz.tfrecord
/DATACENTER/2/yt8m/frame_level/validateHd.tfrecord
/DATACENTER/2/yt8m/frame_level/validatetO.tfrecord
/DATACENTER/2/yt8m/frame_level/validateCp.tfrecord
/DATACENTER/2/yt8m/frame_level/validateU1.tfrecord
/DATACENTER/2/yt8m/frame_level/validateuJ.tfrecord
/DATACENTER/2/yt8m/frame_level/validate8r.tfrecord
/DATACENTER/2/yt8m/frame_level/validateWw.tfrecord
/DATACENTER/2/yt8m/frame_level/validategb.tfrecord
/DATACENTER/2/yt8m/frame_level/validateWZ.tfrecord
/DATACENTER/2/yt8m/frame_level/validatewP.tfrecord
/DATACENTER/2/yt8m/frame_level/validate5s.tfrecord
/DATACENTER/2/yt8m/frame_level/validateAw.tfrecord
/DATACENTER/2/yt8m/frame_level/validateyD.tfrecord
/DATACENTER/2/yt8m/frame_level/validatehu.tfrecord
/DATACENTER/2/yt8m/frame_level/validate7R.tfrecord
/DATACENTER/2/yt8m/frame_level/validatebs.tfrecord
/DATACENTER/2/yt8m/frame_level/validateaw.tfrecord
/DATACENTER/2/yt8m/frame_level/validateuG.tfrecord
/DATACENTER/2/yt8m/frame_level/validateka.tfrecord
/DATACENTER/2/yt8m/frame_level/validatetn.tfrecord
/DATACENTER/2/yt8m/frame_level/validateVk.tfrecord
/DATACENTER/2/yt8m/frame_level/validatega.tfrecord
/DATACENTER/2/yt8m/frame_level/validateYG.tfrecord
/DATACENTER/2/yt8m/frame_level/validateR_.tfrecord
/DATACENTER/2/yt8m/frame_level/validatekj.tfrecord
/DATACENTER/2/yt8m/frame_level/validateJe.tfrecord
/DATACENTER/2/yt8m/frame_level/validate-C.tfrecord
/DATACENTER/2/yt8m/frame_level/validateOd.tfrecord
/DATACENTER/2/yt8m/frame_level/validateY9.tfrecord
/DATACENTER/2/yt8m/frame_level/validatePe.tfrecord
/DATACENTER/2/yt8m/frame_level/validatee3.tfrecord
/DATACENTER/2/yt8m/frame_level/validateYn.tfrecord
/DATACENTER/2/yt8m/frame_level/validateUS.tfrecord
/DATACENTER/2/yt8m/frame_level/validateKz.tfrecord
/DATACENTER/2/yt8m/frame_level/validateM9.tfrecord
/DATACENTER/2/yt8m/frame_level/validateZA.tfrecord
/DATACENTER/2/yt8m/frame_level/validategX.tfrecord
/DATACENTER/2/yt8m/frame_level/validateT0.tfrecord
/DATACENTER/2/yt8m/frame_level/validate75.tfrecord
/DATACENTER/2/yt8m/frame_level/validateti.tfrecord
/DATACENTER/2/yt8m/frame_level/validatenr.tfrecord
/DATACENTER/2/yt8m/frame_level/validateIR.tfrecord
/DATACENTER/2/yt8m/frame_level/validate_B.tfrecord
/DATACENTER/2/yt8m/frame_level/validatehH.tfrecord
/DATACENTER/2/yt8m/frame_level/validateW8.tfrecord
/DATACENTER/2/yt8m/frame_level/validateeH.tfrecord
/DATACENTER/2/yt8m/frame_level/validateyI.tfrecord
/DATACENTER/2/yt8m/frame_level/validatezH.tfrecord
/DATACENTER/2/yt8m/frame_level/validateXk.tfrecord
/DATACENTER/2/yt8m/frame_level/validate2Q.tfrecord
/DATACENTER/2/yt8m/frame_level/validateLq.tfrecord
/DATACENTER/2/yt8m/frame_level/validateDc.tfrecord
/DATACENTER/2/yt8m/frame_level/validateUg.tfrecord
/DATACENTER/2/yt8m/frame_level/validateGW.tfrecord
/DATACENTER/2/yt8m/frame_level/validateAZ.tfrecord
/DATACENTER/2/yt8m/frame_level/validatedP.tfrecord
/DATACENTER/2/yt8m/frame_level/validateKj.tfrecord
/DATACENTER/2/yt8m/frame_level/validate4R.tfrecord
/DATACENTER/2/yt8m/frame_level/validate_a.tfrecord
/DATACENTER/2/yt8m/frame_level/validatezq.tfrecord
/DATACENTER/2/yt8m/frame_level/validateMi.tfrecord
/DATACENTER/2/yt8m/frame_level/validate7E.tfrecord
/DATACENTER/2/yt8m/frame_level/validatejp.tfrecord
/DATACENTER/2/yt8m/frame_level/validateXI.tfrecord
/DATACENTER/2/yt8m/frame_level/validatexk.tfrecord
/DATACENTER/2/yt8m/frame_level/validatehP.tfrecord
/DATACENTER/2/yt8m/frame_level/validateSm.tfrecord
/DATACENTER/2/yt8m/frame_level/validateX0.tfrecord
/DATACENTER/2/yt8m/frame_level/validatePm.tfrecord
/DATACENTER/2/yt8m/frame_level/validatebU.tfrecord
/DATACENTER/2/yt8m/frame_level/validatehM.tfrecord
/DATACENTER/2/yt8m/frame_level/validatebT.tfrecord
/DATACENTER/2/yt8m/frame_level/validateqp.tfrecord
/DATACENTER/2/yt8m/frame_level/validateIy.tfrecord
/DATACENTER/2/yt8m/frame_level/validatecL.tfrecord
/DATACENTER/2/yt8m/frame_level/validateKU.tfrecord
/DATACENTER/2/yt8m/frame_level/validateWK.tfrecord
/DATACENTER/2/yt8m/frame_level/validateWd.tfrecord
/DATACENTER/2/yt8m/frame_level/validateH9.tfrecord
/DATACENTER/2/yt8m/frame_level/validatesu.tfrecord
/DATACENTER/2/yt8m/frame_level/validatequ.tfrecord
/DATACENTER/2/yt8m/frame_level/validate6x.tfrecord
/DATACENTER/2/yt8m/frame_level/validatem_.tfrecord
/DATACENTER/2/yt8m/frame_level/validatewZ.tfrecord
/DATACENTER/2/yt8m/frame_level/validateVR.tfrecord
/DATACENTER/2/yt8m/frame_level/validatesD.tfrecord
/DATACENTER/2/yt8m/frame_level/validateEL.tfrecord
/DATACENTER/2/yt8m/frame_level/validatevr.tfrecord
/DATACENTER/2/yt8m/frame_level/validate_v.tfrecord
/DATACENTER/2/yt8m/frame_level/validate_J.tfrecord
/DATACENTER/2/yt8m/frame_level/validatexn.tfrecord
/DATACENTER/2/yt8m/frame_level/validateCA.tfrecord
/DATACENTER/2/yt8m/frame_level/validatemc.tfrecord
/DATACENTER/2/yt8m/frame_level/validatevq.tfrecord
/DATACENTER/2/yt8m/frame_level/validate86.tfrecord
/DATACENTER/2/yt8m/frame_level/validatex8.tfrecord
/DATACENTER/2/yt8m/frame_level/validatemv.tfrecord
/DATACENTER/2/yt8m/frame_level/validateLX.tfrecord
/DATACENTER/2/yt8m/frame_level/validatemE.tfrecord
/DATACENTER/2/yt8m/frame_level/validategT.tfrecord
/DATACENTER/2/yt8m/frame_level/validateIe.tfrecord
/DATACENTER/2/yt8m/frame_level/validateNg.tfrecord
/DATACENTER/2/yt8m/frame_level/validate97.tfrecord
/DATACENTER/2/yt8m/frame_level/validatemm.tfrecord
/DATACENTER/2/yt8m/frame_level/validateXi.tfrecord
/DATACENTER/2/yt8m/frame_level/validatetf.tfrecord
/DATACENTER/2/yt8m/frame_level/validateXK.tfrecord
/DATACENTER/2/yt8m/frame_level/validatexu.tfrecord
/DATACENTER/2/yt8m/frame_level/validateR9.tfrecord
/DATACENTER/2/yt8m/frame_level/validatei2.tfrecord
/DATACENTER/2/yt8m/frame_level/validateQF.tfrecord
/DATACENTER/2/yt8m/frame_level/validateNu.tfrecord
/DATACENTER/2/yt8m/frame_level/validately.tfrecord
/DATACENTER/2/yt8m/frame_level/validatecf.tfrecord
/DATACENTER/2/yt8m/frame_level/validate4S.tfrecord
/DATACENTER/2/yt8m/frame_level/validateWY.tfrecord
/DATACENTER/2/yt8m/frame_level/validatety.tfrecord
/DATACENTER/2/yt8m/frame_level/validateOP.tfrecord
/DATACENTER/2/yt8m/frame_level/validatePg.tfrecord
/DATACENTER/2/yt8m/frame_level/validateDt.tfrecord
/DATACENTER/2/yt8m/frame_level/validatenW.tfrecord
/DATACENTER/2/yt8m/frame_level/validatets.tfrecord
/DATACENTER/2/yt8m/frame_level/validateoz.tfrecord
/DATACENTER/2/yt8m/frame_level/validateru.tfrecord
/DATACENTER/2/yt8m/frame_level/validaterB.tfrecord
/DATACENTER/2/yt8m/frame_level/validatex_.tfrecord
/DATACENTER/2/yt8m/frame_level/validategm.tfrecord
/DATACENTER/2/yt8m/frame_level/validateMj.tfrecord
/DATACENTER/2/yt8m/frame_level/validateON.tfrecord
/DATACENTER/2/yt8m/frame_level/validateBM.tfrecord
/DATACENTER/2/yt8m/frame_level/validatesB.tfrecord
/DATACENTER/2/yt8m/frame_level/validate55.tfrecord
/DATACENTER/2/yt8m/frame_level/validateFV.tfrecord
/DATACENTER/2/yt8m/frame_level/validateaa.tfrecord
/DATACENTER/2/yt8m/frame_level/validateho.tfrecord
/DATACENTER/2/yt8m/frame_level/validatewV.tfrecord
/DATACENTER/2/yt8m/frame_level/validate3h.tfrecord
/DATACENTER/2/yt8m/frame_level/validateOJ.tfrecord
/DATACENTER/2/yt8m/frame_level/validateIX.tfrecord
/DATACENTER/2/yt8m/frame_level/validateoD.tfrecord
/DATACENTER/2/yt8m/frame_level/validatelZ.tfrecord
/DATACENTER/2/yt8m/frame_level/validateoi.tfrecord
/DATACENTER/2/yt8m/frame_level/validate59.tfrecord
/DATACENTER/2/yt8m/frame_level/validatefv.tfrecord
/DATACENTER/2/yt8m/frame_level/validatetN.tfrecord
/DATACENTER/2/yt8m/frame_level/validateED.tfrecord
/DATACENTER/2/yt8m/frame_level/validateSC.tfrecord
/DATACENTER/2/yt8m/frame_level/validatep1.tfrecord
/DATACENTER/2/yt8m/frame_level/validatehY.tfrecord
/DATACENTER/2/yt8m/frame_level/validatetC.tfrecord
/DATACENTER/2/yt8m/frame_level/validateaS.tfrecord
/DATACENTER/2/yt8m/frame_level/validateBO.tfrecord
/DATACENTER/2/yt8m/frame_level/validateKd.tfrecord
/DATACENTER/2/yt8m/frame_level/validateFg.tfrecord
/DATACENTER/2/yt8m/frame_level/validateNl.tfrecord
/DATACENTER/2/yt8m/frame_level/validate4b.tfrecord
/DATACENTER/2/yt8m/frame_level/validaterE.tfrecord
/DATACENTER/2/yt8m/frame_level/validatehT.tfrecord
/DATACENTER/2/yt8m/frame_level/validatebB.tfrecord
/DATACENTER/2/yt8m/frame_level/validate39.tfrecord
/DATACENTER/2/yt8m/frame_level/validateAf.tfrecord
/DATACENTER/2/yt8m/frame_level/validater4.tfrecord
/DATACENTER/2/yt8m/frame_level/validatelA.tfrecord
/DATACENTER/2/yt8m/frame_level/validateBK.tfrecord
/DATACENTER/2/yt8m/frame_level/validateOS.tfrecord
/DATACENTER/2/yt8m/frame_level/validateNe.tfrecord
/DATACENTER/2/yt8m/frame_level/validate6l.tfrecord
/DATACENTER/2/yt8m/frame_level/validateyM.tfrecord
/DATACENTER/2/yt8m/frame_level/validateBi.tfrecord
/DATACENTER/2/yt8m/frame_level/validateWk.tfrecord
/DATACENTER/2/yt8m/frame_level/validatees.tfrecord
/DATACENTER/2/yt8m/frame_level/validateKk.tfrecord
/DATACENTER/2/yt8m/frame_level/validateS8.tfrecord
/DATACENTER/2/yt8m/frame_level/validateoh.tfrecord
/DATACENTER/2/yt8m/frame_level/validateGb.tfrecord
/DATACENTER/2/yt8m/frame_level/validateNf.tfrecord
/DATACENTER/2/yt8m/frame_level/validatekg.tfrecord
/DATACENTER/2/yt8m/frame_level/validateHm.tfrecord
/DATACENTER/2/yt8m/frame_level/validateNI.tfrecord
/DATACENTER/2/yt8m/frame_level/validateWp.tfrecord
/DATACENTER/2/yt8m/frame_level/validateJS.tfrecord
/DATACENTER/2/yt8m/frame_level/validateay.tfrecord
/DATACENTER/2/yt8m/frame_level/validate5C.tfrecord
/DATACENTER/2/yt8m/frame_level/validateK_.tfrecord
/DATACENTER/2/yt8m/frame_level/validateLK.tfrecord
/DATACENTER/2/yt8m/frame_level/validateRD.tfrecord
/DATACENTER/2/yt8m/frame_level/validateOU.tfrecord
/DATACENTER/2/yt8m/frame_level/validateFK.tfrecord
/DATACENTER/2/yt8m/frame_level/validateRZ.tfrecord
/DATACENTER/2/yt8m/frame_level/validatevm.tfrecord
/DATACENTER/2/yt8m/frame_level/validateNC.tfrecord
/DATACENTER/2/yt8m/frame_level/validate-i.tfrecord
/DATACENTER/2/yt8m/frame_level/validatejC.tfrecord
/DATACENTER/2/yt8m/frame_level/validategf.tfrecord
/DATACENTER/2/yt8m/frame_level/validateVW.tfrecord
/DATACENTER/2/yt8m/frame_level/validate4f.tfrecord
/DATACENTER/2/yt8m/frame_level/validatefG.tfrecord
/DATACENTER/2/yt8m/frame_level/validateOo.tfrecord
/DATACENTER/2/yt8m/frame_level/validatev6.tfrecord
/DATACENTER/2/yt8m/frame_level/validatea7.tfrecord
/DATACENTER/2/yt8m/frame_level/validateVS.tfrecord
/DATACENTER/2/yt8m/frame_level/validateih.tfrecord
/DATACENTER/2/yt8m/frame_level/validate9M.tfrecord
/DATACENTER/2/yt8m/frame_level/validateO5.tfrecord
/DATACENTER/2/yt8m/frame_level/validateSa.tfrecord
/DATACENTER/2/yt8m/frame_level/validate9I.tfrecord
/DATACENTER/2/yt8m/frame_level/validateVg.tfrecord
/DATACENTER/2/yt8m/frame_level/validateh0.tfrecord
/DATACENTER/2/yt8m/frame_level/validate9o.tfrecord
/DATACENTER/2/yt8m/frame_level/validateh6.tfrecord
/DATACENTER/2/yt8m/frame_level/validateoc.tfrecord
/DATACENTER/2/yt8m/frame_level/validateRd.tfrecord
/DATACENTER/2/yt8m/frame_level/validate7M.tfrecord
/DATACENTER/2/yt8m/frame_level/validateOl.tfrecord
/DATACENTER/2/yt8m/frame_level/validateJI.tfrecord
/DATACENTER/2/yt8m/frame_level/validateAC.tfrecord
/DATACENTER/2/yt8m/frame_level/validateRE.tfrecord
/DATACENTER/2/yt8m/frame_level/validatejn.tfrecord
/DATACENTER/2/yt8m/frame_level/validateK2.tfrecord
/DATACENTER/2/yt8m/frame_level/validate0E.tfrecord
/DATACENTER/2/yt8m/frame_level/validatehD.tfrecord
/DATACENTER/2/yt8m/frame_level/validateC3.tfrecord
/DATACENTER/2/yt8m/frame_level/validateK-.tfrecord
/DATACENTER/2/yt8m/frame_level/validatead.tfrecord
/DATACENTER/2/yt8m/frame_level/validatezl.tfrecord
/DATACENTER/2/yt8m/frame_level/validateu1.tfrecord
/DATACENTER/2/yt8m/frame_level/validateYj.tfrecord
/DATACENTER/2/yt8m/frame_level/validatehg.tfrecord
/DATACENTER/2/yt8m/frame_level/validateY4.tfrecord
/DATACENTER/2/yt8m/frame_level/validateiY.tfrecord
/DATACENTER/2/yt8m/frame_level/validateXf.tfrecord
/DATACENTER/2/yt8m/frame_level/validate9N.tfrecord
/DATACENTER/2/yt8m/frame_level/validateEe.tfrecord
/DATACENTER/2/yt8m/frame_level/validateOj.tfrecord
/DATACENTER/2/yt8m/frame_level/validatez2.tfrecord
/DATACENTER/2/yt8m/frame_level/validate-5.tfrecord
/DATACENTER/2/yt8m/frame_level/validate6O.tfrecord
/DATACENTER/2/yt8m/frame_level/validateiw.tfrecord
/DATACENTER/2/yt8m/frame_level/validate-L.tfrecord
/DATACENTER/2/yt8m/frame_level/validateKh.tfrecord
/DATACENTER/2/yt8m/frame_level/validateil.tfrecord
/DATACENTER/2/yt8m/frame_level/validateJi.tfrecord
/DATACENTER/2/yt8m/frame_level/validatezY.tfrecord
/DATACENTER/2/yt8m/frame_level/validate2D.tfrecord
/DATACENTER/2/yt8m/frame_level/validateDQ.tfrecord
/DATACENTER/2/yt8m/frame_level/validateE0.tfrecord
/DATACENTER/2/yt8m/frame_level/validateaD.tfrecord
/DATACENTER/2/yt8m/frame_level/validateCw.tfrecord
/DATACENTER/2/yt8m/frame_level/validategG.tfrecord
/DATACENTER/2/yt8m/frame_level/validatevZ.tfrecord
/DATACENTER/2/yt8m/frame_level/validatewS.tfrecord
/DATACENTER/2/yt8m/frame_level/validateHe.tfrecord
/DATACENTER/2/yt8m/frame_level/validateeA.tfrecord
/DATACENTER/2/yt8m/frame_level/validateBq.tfrecord
/DATACENTER/2/yt8m/frame_level/validate7h.tfrecord
/DATACENTER/2/yt8m/frame_level/validateCa.tfrecord
/DATACENTER/2/yt8m/frame_level/validatee-.tfrecord
/DATACENTER/2/yt8m/frame_level/validateTA.tfrecord
/DATACENTER/2/yt8m/frame_level/validateWg.tfrecord
/DATACENTER/2/yt8m/frame_level/validate-a.tfrecord
/DATACENTER/2/yt8m/frame_level/validateyW.tfrecord
/DATACENTER/2/yt8m/frame_level/validatef2.tfrecord
/DATACENTER/2/yt8m/frame_level/validateiH.tfrecord
/DATACENTER/2/yt8m/frame_level/validatef-.tfrecord
/DATACENTER/2/yt8m/frame_level/validateb5.tfrecord
/DATACENTER/2/yt8m/frame_level/validatesX.tfrecord
/DATACENTER/2/yt8m/frame_level/validateVl.tfrecord
/DATACENTER/2/yt8m/frame_level/validateWc.tfrecord
/DATACENTER/2/yt8m/frame_level/validateVn.tfrecord
/DATACENTER/2/yt8m/frame_level/validatep6.tfrecord
/DATACENTER/2/yt8m/frame_level/validateul.tfrecord
/DATACENTER/2/yt8m/frame_level/validateqc.tfrecord
/DATACENTER/2/yt8m/frame_level/validate1h.tfrecord
/DATACENTER/2/yt8m/frame_level/validateNo.tfrecord
/DATACENTER/2/yt8m/frame_level/validateSo.tfrecord
/DATACENTER/2/yt8m/frame_level/validateTe.tfrecord
/DATACENTER/2/yt8m/frame_level/validateMG.tfrecord
/DATACENTER/2/yt8m/frame_level/validateEv.tfrecord
/DATACENTER/2/yt8m/frame_level/validatent.tfrecord
/DATACENTER/2/yt8m/frame_level/validate2Y.tfrecord
/DATACENTER/2/yt8m/frame_level/validateun.tfrecord
/DATACENTER/2/yt8m/frame_level/validate0X.tfrecord
/DATACENTER/2/yt8m/frame_level/validatesV.tfrecord
/DATACENTER/2/yt8m/frame_level/validateqU.tfrecord
/DATACENTER/2/yt8m/frame_level/validateMH.tfrecord
/DATACENTER/2/yt8m/frame_level/validate5q.tfrecord
/DATACENTER/2/yt8m/frame_level/validateW2.tfrecord
/DATACENTER/2/yt8m/frame_level/validate1s.tfrecord
/DATACENTER/2/yt8m/frame_level/validategR.tfrecord
/DATACENTER/2/yt8m/frame_level/validateU3.tfrecord
/DATACENTER/2/yt8m/frame_level/validateAH.tfrecord
/DATACENTER/2/yt8m/frame_level/validate7Q.tfrecord
/DATACENTER/2/yt8m/frame_level/validaterX.tfrecord
/DATACENTER/2/yt8m/frame_level/validaterh.tfrecord
/DATACENTER/2/yt8m/frame_level/validaterK.tfrecord
/DATACENTER/2/yt8m/frame_level/validateKV.tfrecord
/DATACENTER/2/yt8m/frame_level/validateKr.tfrecord
/DATACENTER/2/yt8m/frame_level/validateSY.tfrecord
/DATACENTER/2/yt8m/frame_level/validatelY.tfrecord
/DATACENTER/2/yt8m/frame_level/validateaC.tfrecord
